// Jest Snapshot v1, https://goo.gl/fbAQLP

exports[`StatusController should get status 1`] = `
{
  "testStatusProperty": "testStatusValue",
}
`;
