// Jest Snapshot v1, https://goo.gl/fbAQLP

exports[`StatusService should return status response 1`] = `
{
  "status": "ok",
  "timestamp": "2020-01-01T00:00:00.000Z",
  "uptime": "0d, 0h, 2m",
}
`;
