// Jest Snapshot v1, https://goo.gl/fbAQLP

exports[`throttleConfig should create throttle config 1`] = `
{
  "limit": NaN,
  "ttlSecs": NaN,
}
`;
